{"logTime": "0907/103857", "correlationVector":"HUJ0Yq6YoqnIlpD2e9waOI.1","action":"SyncServerConnectionManagerRequest", "result":"SYNC_SERVER_OK", "context":{"environment":"Prod_southeastasia_prod-s01-064-apac-southeastasia", "migrationStage":"NotStarted", "server":"akswtt003000012"}}
{"logTime": "0907/103857", "correlationVector":"HUJ0Yq6YoqnIlpD2e9waOI.2","action":"ProcessGetUpdates", "result":"Done", "context":{"dataType":"Encryption Keys", "deleted":"0", "process_failed_to_decrypt":"0", "process_pending_decryption":"0", "process_success":"1", "total":"1"}}
{"logTime": "0907/103859", "correlationVector":"IwpVX1isnKtgInnTK/YUL7","action":"SyncServerConnectionManagerRequest", "result":"SYNC_SERVER_OK", "context":{"environment":"", "migrationStage":"", "server":""}}
{"logTime": "0907/103859", "correlationVector":"IwpVX1isnKtgInnTK/YUL7.0","action":"EncryptionKeysFetcher.DownloadKeys:", "result":"Success", "context":Key count: 10, Last key timestamp: 2026-07-23T13:54:20Z}
{"logTime": "0907/103859", "correlationVector":"IwpVX1isnKtgInnTK/YUL7.1","action":"EncryptionKeysManager::SetEncryptionKeys:", "result":"Success", "context":Key names[10]:[V4NQH3Yh1msPOsmgcvnd7Ata+iz0DMqYT1D9jN4nz0Nvn6sRBBAHgDYt0d5fUxoxXRJ5fDgAKCMxZBP24fNh9w==][FZZ+FpU4s8B5j/deqe8J1vYfpnWb6isadmSGgihrw9JTdAqlIzuOxK97OevzT7jYNsmNA1Gsriwng96AquQcQQ==][0HjcW82R9JxjrA1B010ZpnfveqbKK7A/cwUQKbd8gRbuvHJhijU876OyfVrQnxgm01wBXkcb4rYfsV8RZb2V4g==][ALySVKCLaF5kJ2ffkzBW2m84MqhotX8r7ZdoP5LPP91hdcNnusumwokFC+/ULnrLaYdyOkKH8RfGI/+Y8FvwqQ==][vUoeTHWvIBGa1GFfMzNfuWN6tdQC+9sJYjzxrw7Ot8Div0SqcLMugJJCxt8p87wUDwtzTJXI94Rh+eUx8+Bm2w==][V+o5XhgwfmVfJRtwv2wLDzqhOSTqxUhnWH/stOKEuoP22/c84nwCO90Cbc0cIRTvSb5uP8TV+MJPXOWEedNTMg==][mymSNfeeqHkDERslzmYVXERViR3ffbLNGNSbH/hjBeuE5z5KgEcGYo89/XzXLsFHVYU+FSL0P3KKAKL0/1+Faw==][89G1xnQLmwgi8SMcA6P8A/qGMV7KIHhsU4lU9iZQ+31VFeCwWMNgabXy+wRcMjmfTAf8CA1LggPbrTyfOo3CdA==][qVH6HGQBdEB2ZFQ8wpTIytRG+9/uhe9MjxzqepkSC1JUYe4K78ezF4N3CeyHhWbBgViE44M7pdEFD5j4D8aRsw==][UhZxNdfyZ/t+r/x++BGF+Xwj21fSqAhhbrCucv4uttYnJQIokiVGNdtCnPGBwxboq2EZjnq1LugNVs4w1V7Fkg==]}
{"logTime": "0907/103859", "correlationVector":"IwpVX1isnKtgInnTK/YUL7.2","action":"EncryptionKeysManager::SetEncryptionKeysWithTimestamps:", "result":"Success", "context":Key timestamps[10]:[2022-02-08T11:26:18Z][2022-08-08T08:49:14Z][2023-02-04T15:56:34Z][2023-08-04T13:02:53Z][2024-01-31T14:16:24Z][2024-07-30T04:00:23Z][2025-01-26T08:48:01Z][2025-07-26T15:12:32Z][2026-01-23T13:02:06Z][2026-07-23T13:54:20Z]}
{"logTime": "0907/103859", "correlationVector":"HUJ0Yq6YoqnIlpD2e9waOI","action":"Initial GetUpdates", "result":"", "context":Reason: NEW_CLIENT. cV=HUJ0Yq6YoqnIlpD2e9waOI}
{"logTime": "0907/103859", "correlationVector":"HUJ0Yq6YoqnIlpD2e9waOI.3","action":"GetUpdates Response", "result":"Success", "context":Received 1 update(s). cV=HUJ0Yq6YoqnIlpD2e9waOI.0;server=akswtt003000012;cloudType=Consumer;environment=Prod_southeastasia_prod-s01-064-apac-southeastasia;migrationStage=NotStarted}
{"logTime": "0907/103859", "correlationVector":"/slFnyL59Tdq7SLkTFa03v","action":"Initial GetUpdates", "result":"", "context":Reason: NEWLY_SUPPORTED_DATATYPE. cV=/slFnyL59Tdq7SLkTFa03v}
{"logTime": "0907/103900", "correlationVector":"/slFnyL59Tdq7SLkTFa03v.1","action":"SyncServerConnectionManagerRequest", "result":"SYNC_SERVER_OK", "context":{"environment":"Prod_southeastasia_prod-s01-064-apac-southeastasia", "migrationStage":"NotStarted", "server":"akswtt003000026"}}
{"logTime": "0907/103900", "correlationVector":"/slFnyL59Tdq7SLkTFa03v.2","action":"ProcessGetUpdates", "result":"Done", "context":{"dataType":"Passwords", "deleted":"1", "process_failed_to_decrypt":"0", "process_pending_decryption":"0", "process_success":"71", "total":"71"}}
{"logTime": "0907/103900", "correlationVector":"/slFnyL59Tdq7SLkTFa03v.3","action":"ProcessGetUpdates", "result":"Done", "context":{"dataType":"Device Info", "deleted":"0", "process_failed_to_decrypt":"0", "process_pending_decryption":"0", "process_success":"53", "total":"53"}}
{"logTime": "0907/103900", "correlationVector":"/slFnyL59Tdq7SLkTFa03v.4","action":"GetUpdates Response", "result":"Success", "context":Received 124 update(s). cV=/slFnyL59Tdq7SLkTFa03v.0;server=akswtt003000026;cloudType=Consumer;environment=Prod_southeastasia_prod-s01-064-apac-southeastasia;migrationStage=NotStarted}
{"logTime": "0907/103900", "correlationVector":"uAkepnEh8ObCazwc86fULq","action":"Initial GetUpdates", "result":"", "context":Reason: NEWLY_SUPPORTED_DATATYPE. cV=uAkepnEh8ObCazwc86fULq}
{"logTime": "0907/103901", "correlationVector":"uAkepnEh8ObCazwc86fULq.1","action":"SyncServerConnectionManagerRequest", "result":"SYNC_SERVER_OK", "context":{"environment":"Prod_southeastasia_prod-s01-064-apac-southeastasia", "migrationStage":"NotStarted", "server":"akswtt003000015"}}
{"logTime": "0907/103901", "correlationVector":"uAkepnEh8ObCazwc86fULq.2","action":"ProcessGetUpdates", "result":"Done", "context":{"dataType":"Bookmarks", "deleted":"3", "process_failed_to_decrypt":"0", "process_pending_decryption":"0", "process_success":"95", "total":"95"}}
{"logTime": "0907/103901", "correlationVector":"uAkepnEh8ObCazwc86fULq.3","action":"ProcessGetUpdates", "result":"Done", "context":{"dataType":"Preferences", "deleted":"0", "process_failed_to_decrypt":"0", "process_pending_decryption":"0", "process_success":"117", "total":"117"}}
{"logTime": "0907/103901", "correlationVector":"uAkepnEh8ObCazwc86fULq.4","action":"ProcessGetUpdates", "result":"Done", "context":{"dataType":"Autofill", "deleted":"0", "process_failed_to_decrypt":"0", "process_pending_decryption":"0", "process_success":"1", "total":"1"}}
{"logTime": "0907/103901", "correlationVector":"uAkepnEh8ObCazwc86fULq.5","action":"ProcessGetUpdates", "result":"Done", "context":{"dataType":"Extensions", "deleted":"1", "process_failed_to_decrypt":"0", "process_pending_decryption":"0", "process_success":"11", "total":"11"}}
{"logTime": "0907/103901", "correlationVector":"uAkepnEh8ObCazwc86fULq.6","action":"ProcessGetUpdates", "result":"Done", "context":{"dataType":"Sessions", "deleted":"20", "process_failed_to_decrypt":"0", "process_pending_decryption":"0", "process_success":"20", "total":"20"}}
{"logTime": "0907/103901", "correlationVector":"uAkepnEh8ObCazwc86fULq.7","action":"ProcessGetUpdates", "result":"Done", "context":{"dataType":"Extension settings", "deleted":"0", "process_failed_to_decrypt":"0", "process_pending_decryption":"0", "process_success":"3", "total":"3"}}
{"logTime": "0907/103901", "correlationVector":"uAkepnEh8ObCazwc86fULq.8","action":"ProcessGetUpdates", "result":"Done", "context":{"dataType":"Edge Hub App Usage", "deleted":"3", "process_failed_to_decrypt":"0", "process_pending_decryption":"0", "process_success":"3", "total":"3"}}
{"logTime": "0907/103901", "correlationVector":"uAkepnEh8ObCazwc86fULq.9","action":"GetUpdates Response", "result":"Success", "context":Received 250 update(s). cV=uAkepnEh8ObCazwc86fULq.0;server=akswtt003000015;cloudType=Consumer;environment=Prod_southeastasia_prod-s01-064-apac-southeastasia;migrationStage=NotStarted Some updates remain.}
{"logTime": "0907/103901", "correlationVector":"Oge6Z2+VV6+riP56oQ9Q8k","action":"Initial GetUpdates", "result":"", "context":Reason: NEWLY_SUPPORTED_DATATYPE. cV=Oge6Z2+VV6+riP56oQ9Q8k}
{"logTime": "0907/103903", "correlationVector":"Oge6Z2+VV6+riP56oQ9Q8k.1","action":"SyncServerConnectionManagerRequest", "result":"SYNC_SERVER_OK", "context":{"environment":"Prod_southeastasia_prod-s01-064-apac-southeastasia", "migrationStage":"NotStarted", "server":"akswtt00300000l"}}
{"logTime": "0907/103903", "correlationVector":"Oge6Z2+VV6+riP56oQ9Q8k.2","action":"ProcessGetUpdates", "result":"Done", "context":{"dataType":"Bookmarks", "deleted":"0", "process_failed_to_decrypt":"0", "process_pending_decryption":"0", "process_success":"1", "total":"1"}}
{"logTime": "0907/103903", "correlationVector":"Oge6Z2+VV6+riP56oQ9Q8k.3","action":"ProcessGetUpdates", "result":"Done", "context":{"dataType":"Preferences", "deleted":"0", "process_failed_to_decrypt":"0", "process_pending_decryption":"0", "process_success":"3", "total":"3"}}
{"logTime": "0907/103903", "correlationVector":"Oge6Z2+VV6+riP56oQ9Q8k.4","action":"ProcessGetUpdates", "result":"Done", "context":{"dataType":"Extensions", "deleted":"0", "process_failed_to_decrypt":"0", "process_pending_decryption":"0", "process_success":"3", "total":"3"}}
{"logTime": "0907/103903", "correlationVector":"Oge6Z2+VV6+riP56oQ9Q8k.5","action":"ProcessGetUpdates", "result":"Done", "context":{"dataType":"Sessions", "deleted":"231", "process_failed_to_decrypt":"0", "process_pending_decryption":"0", "process_success":"231", "total":"231"}}
{"logTime": "0907/103903", "correlationVector":"Oge6Z2+VV6+riP56oQ9Q8k.6","action":"ProcessGetUpdates", "result":"Done", "context":{"dataType":"Edge Hub App Usage", "deleted":"7", "process_failed_to_decrypt":"0", "process_pending_decryption":"0", "process_success":"12", "total":"12"}}
{"logTime": "0907/103903", "correlationVector":"Oge6Z2+VV6+riP56oQ9Q8k.7","action":"GetUpdates Response", "result":"Success", "context":Received 250 update(s). cV=Oge6Z2+VV6+riP56oQ9Q8k.0;server=akswtt00300000l;cloudType=Consumer;environment=Prod_southeastasia_prod-s01-064-apac-southeastasia;migrationStage=NotStarted Some updates remain.}
{"logTime": "0907/103903", "correlationVector":"901GHkgijv2FQ+40cpxMYq","action":"Initial GetUpdates", "result":"", "context":Reason: NEWLY_SUPPORTED_DATATYPE. cV=901GHkgijv2FQ+40cpxMYq}
{"logTime": "0907/103904", "correlationVector":"901GHkgijv2FQ+40cpxMYq.1","action":"SyncServerConnectionManagerRequest", "result":"SYNC_SERVER_OK", "context":{"environment":"Prod_southeastasia_prod-s01-064-apac-southeastasia", "migrationStage":"NotStarted", "server":"akswtt00300000k"}}
{"logTime": "0907/103904", "correlationVector":"901GHkgijv2FQ+40cpxMYq.2","action":"ProcessGetUpdates", "result":"Done", "context":{"dataType":"Bookmarks", "deleted":"0", "process_failed_to_decrypt":"0", "process_pending_decryption":"0", "process_success":"5", "total":"5"}}
{"logTime": "0907/103904", "correlationVector":"901GHkgijv2FQ+40cpxMYq.3","action":"ProcessGetUpdates", "result":"Done", "context":{"dataType":"Preferences", "deleted":"6", "process_failed_to_decrypt":"0", "process_pending_decryption":"0", "process_success":"24", "total":"24"}}
{"logTime": "0907/103904", "correlationVector":"901GHkgijv2FQ+40cpxMYq.4","action":"ProcessGetUpdates", "result":"Done", "context":{"dataType":"Extensions", "deleted":"0", "process_failed_to_decrypt":"0", "process_pending_decryption":"0", "process_success":"2", "total":"2"}}
{"logTime": "0907/103904", "correlationVector":"901GHkgijv2FQ+40cpxMYq.5","action":"ProcessGetUpdates", "result":"Done", "context":{"dataType":"Sessions", "deleted":"202", "process_failed_to_decrypt":"0", "process_pending_decryption":"0", "process_success":"216", "total":"216"}}
{"logTime": "0907/103904", "correlationVector":"901GHkgijv2FQ+40cpxMYq.6","action":"ProcessGetUpdates", "result":"Done", "context":{"dataType":"Edge Hub App Usage", "deleted":"1", "process_failed_to_decrypt":"0", "process_pending_decryption":"0", "process_success":"3", "total":"3"}}
{"logTime": "0907/103904", "correlationVector":"901GHkgijv2FQ+40cpxMYq.7","action":"GetUpdates Response", "result":"Success", "context":Received 250 update(s). cV=901GHkgijv2FQ+40cpxMYq.0;server=akswtt00300000k;cloudType=Consumer;environment=Prod_southeastasia_prod-s01-064-apac-southeastasia;migrationStage=NotStarted Some updates remain.}
{"logTime": "0907/103904", "correlationVector":"QLk1Lotjf8scI1k+Ap5otj","action":"Initial GetUpdates", "result":"", "context":Reason: NEWLY_SUPPORTED_DATATYPE. cV=QLk1Lotjf8scI1k+Ap5otj}
{"logTime": "0907/103905", "correlationVector":"QLk1Lotjf8scI1k+Ap5otj.1","action":"SyncServerConnectionManagerRequest", "result":"SYNC_SERVER_OK", "context":{"environment":"Prod_southeastasia_prod-s01-064-apac-southeastasia", "migrationStage":"NotStarted", "server":"akswtt00300001e"}}
{"logTime": "0907/103905", "correlationVector":"QLk1Lotjf8scI1k+Ap5otj.2","action":"ProcessGetUpdates", "result":"Done", "context":{"dataType":"Bookmarks", "deleted":"0", "process_failed_to_decrypt":"0", "process_pending_decryption":"0", "process_success":"3", "total":"3"}}
{"logTime": "0907/103905", "correlationVector":"QLk1Lotjf8scI1k+Ap5otj.3","action":"ProcessGetUpdates", "result":"Done", "context":{"dataType":"Preferences", "deleted":"0", "process_failed_to_decrypt":"0", "process_pending_decryption":"0", "process_success":"1", "total":"1"}}
{"logTime": "0907/103905", "correlationVector":"QLk1Lotjf8scI1k+Ap5otj.4","action":"ProcessGetUpdates", "result":"Done", "context":{"dataType":"Autofill", "deleted":"0", "process_failed_to_decrypt":"0", "process_pending_decryption":"0", "process_success":"163", "total":"163"}}
{"logTime": "0907/103905", "correlationVector":"QLk1Lotjf8scI1k+Ap5otj.5","action":"ProcessGetUpdates", "result":"Done", "context":{"dataType":"Sessions", "deleted":"83", "process_failed_to_decrypt":"0", "process_pending_decryption":"0", "process_success":"83", "total":"83"}}
{"logTime": "0907/103905", "correlationVector":"QLk1Lotjf8scI1k+Ap5otj.6","action":"GetUpdates Response", "result":"Success", "context":Received 250 update(s). cV=QLk1Lotjf8scI1k+Ap5otj.0;server=akswtt00300001e;cloudType=Consumer;environment=Prod_southeastasia_prod-s01-064-apac-southeastasia;migrationStage=NotStarted Some updates remain.}
{"logTime": "0907/103905", "correlationVector":"fsBEzny5sdouXGJmUF2ryj","action":"Initial GetUpdates", "result":"", "context":Reason: NEWLY_SUPPORTED_DATATYPE. cV=fsBEzny5sdouXGJmUF2ryj}
{"logTime": "0907/103906", "correlationVector":"fsBEzny5sdouXGJmUF2ryj.1","action":"SyncServerConnectionManagerRequest", "result":"SYNC_SERVER_OK", "context":{"environment":"Prod_southeastasia_prod-s01-064-apac-southeastasia", "migrationStage":"NotStarted", "server":"akswtt00300001c"}}
{"logTime": "0907/103906", "correlationVector":"fsBEzny5sdouXGJmUF2ryj.2","action":"ProcessGetUpdates", "result":"Done", "context":{"dataType":"Bookmarks", "deleted":"0", "process_failed_to_decrypt":"0", "process_pending_decryption":"0", "process_success":"6", "total":"6"}}
{"logTime": "0907/103906", "correlationVector":"fsBEzny5sdouXGJmUF2ryj.3","action":"ProcessGetUpdates", "result":"Done", "context":{"dataType":"Preferences", "deleted":"0", "process_failed_to_decrypt":"0", "process_pending_decryption":"0", "process_success":"2", "total":"2"}}
{"logTime": "0907/103906", "correlationVector":"fsBEzny5sdouXGJmUF2ryj.4","action":"ProcessGetUpdates", "result":"Done", "context":{"dataType":"Autofill", "deleted":"0", "process_failed_to_decrypt":"0", "process_pending_decryption":"0", "process_success":"13", "total":"13"}}
{"logTime": "0907/103906", "correlationVector":"fsBEzny5sdouXGJmUF2ryj.5","action":"ProcessGetUpdates", "result":"Done", "context":{"dataType":"Extensions", "deleted":"0", "process_failed_to_decrypt":"0", "process_pending_decryption":"0", "process_success":"1", "total":"1"}}
{"logTime": "0907/103906", "correlationVector":"fsBEzny5sdouXGJmUF2ryj.6","action":"ProcessGetUpdates", "result":"Done", "context":{"dataType":"Sessions", "deleted":"71", "process_failed_to_decrypt":"0", "process_pending_decryption":"0", "process_success":"91", "total":"91"}}
{"logTime": "0907/103906", "correlationVector":"fsBEzny5sdouXGJmUF2ryj.7","action":"GetUpdates Response", "result":"Success", "context":Received 113 update(s). cV=fsBEzny5sdouXGJmUF2ryj.0;server=akswtt00300001c;cloudType=Consumer;environment=Prod_southeastasia_prod-s01-064-apac-southeastasia;migrationStage=NotStarted}
{"logTime": "0907/103906", "correlationVector":"Cc2EfgRX/M+i0xqMrTkKoM","action":"Initial GetUpdates", "result":"", "context":Reason: NEWLY_SUPPORTED_DATATYPE. cV=Cc2EfgRX/M+i0xqMrTkKoM}
{"logTime": "0907/103907", "correlationVector":"Cc2EfgRX/M+i0xqMrTkKoM.1","action":"SyncServerConnectionManagerRequest", "result":"SYNC_SERVER_OK", "context":{"environment":"Prod_southeastasia_prod-s01-064-apac-southeastasia", "migrationStage":"NotStarted", "server":"akswtt00300000u"}}
{"logTime": "0907/103907", "correlationVector":"Cc2EfgRX/M+i0xqMrTkKoM.2","action":"ProcessGetUpdates", "result":"Done", "context":{"dataType":"History", "deleted":"0", "process_failed_to_decrypt":"0", "process_pending_decryption":"0", "process_success":"250", "total":"250"}}
{"logTime": "0907/103907", "correlationVector":"Cc2EfgRX/M+i0xqMrTkKoM.3","action":"GetUpdates Response", "result":"Success", "context":Received 250 update(s). cV=Cc2EfgRX/M+i0xqMrTkKoM.0;server=akswtt00300000u;cloudType=Consumer;environment=Prod_southeastasia_prod-s01-064-apac-southeastasia;migrationStage=NotStarted Some updates remain.}
{"logTime": "0907/103907", "correlationVector":"ClmNt8C0ZeNfQmo2p+xbqN","action":"Initial GetUpdates", "result":"", "context":Reason: NEWLY_SUPPORTED_DATATYPE. cV=ClmNt8C0ZeNfQmo2p+xbqN}
{"logTime": "0907/103909", "correlationVector":"ClmNt8C0ZeNfQmo2p+xbqN.1","action":"SyncServerConnectionManagerRequest", "result":"SYNC_SERVER_OK", "context":{"environment":"Prod_southeastasia_prod-s01-064-apac-southeastasia", "migrationStage":"NotStarted", "server":"akswtt003000012"}}
{"logTime": "0907/103909", "correlationVector":"ClmNt8C0ZeNfQmo2p+xbqN.2","action":"ProcessGetUpdates", "result":"Done", "context":{"dataType":"History", "deleted":"0", "process_failed_to_decrypt":"0", "process_pending_decryption":"0", "process_success":"250", "total":"250"}}
{"logTime": "0907/103909", "correlationVector":"ClmNt8C0ZeNfQmo2p+xbqN.3","action":"GetUpdates Response", "result":"Success", "context":Received 250 update(s). cV=ClmNt8C0ZeNfQmo2p+xbqN.0;server=akswtt003000012;cloudType=Consumer;environment=Prod_southeastasia_prod-s01-064-apac-southeastasia;migrationStage=NotStarted Some updates remain.}
{"logTime": "0907/103909", "correlationVector":"KsYnLRJ6GPwl8L+s6TLzvv","action":"Initial GetUpdates", "result":"", "context":Reason: NEWLY_SUPPORTED_DATATYPE. cV=KsYnLRJ6GPwl8L+s6TLzvv}
{"logTime": "0907/103910", "correlationVector":"KsYnLRJ6GPwl8L+s6TLzvv.1","action":"SyncServerConnectionManagerRequest", "result":"SYNC_SERVER_OK", "context":{"environment":"Prod_southeastasia_prod-s01-064-apac-southeastasia", "migrationStage":"NotStarted", "server":"akswtt003000012"}}
{"logTime": "0907/103910", "correlationVector":"KsYnLRJ6GPwl8L+s6TLzvv.2","action":"ProcessGetUpdates", "result":"Done", "context":{"dataType":"History", "deleted":"0", "process_failed_to_decrypt":"0", "process_pending_decryption":"0", "process_success":"250", "total":"250"}}
{"logTime": "0907/103910", "correlationVector":"KsYnLRJ6GPwl8L+s6TLzvv.3","action":"GetUpdates Response", "result":"Success", "context":Received 250 update(s). cV=KsYnLRJ6GPwl8L+s6TLzvv.0;server=akswtt003000012;cloudType=Consumer;environment=Prod_southeastasia_prod-s01-064-apac-southeastasia;migrationStage=NotStarted Some updates remain.}
{"logTime": "0907/103910", "correlationVector":"FprtSS2ycZs6JKusrm+PwS","action":"Initial GetUpdates", "result":"", "context":Reason: NEWLY_SUPPORTED_DATATYPE. cV=FprtSS2ycZs6JKusrm+PwS}
{"logTime": "0907/103912", "correlationVector":"FprtSS2ycZs6JKusrm+PwS.1","action":"SyncServerConnectionManagerRequest", "result":"SYNC_SERVER_OK", "context":{"environment":"Prod_southeastasia_prod-s01-064-apac-southeastasia", "migrationStage":"NotStarted", "server":"akswtt00300001i"}}
{"logTime": "0907/103912", "correlationVector":"FprtSS2ycZs6JKusrm+PwS.2","action":"ProcessGetUpdates", "result":"Done", "context":{"dataType":"History", "deleted":"0", "process_failed_to_decrypt":"0", "process_pending_decryption":"0", "process_success":"250", "total":"250"}}
{"logTime": "0907/103912", "correlationVector":"FprtSS2ycZs6JKusrm+PwS.3","action":"GetUpdates Response", "result":"Success", "context":Received 250 update(s). cV=FprtSS2ycZs6JKusrm+PwS.0;server=akswtt00300001i;cloudType=Consumer;environment=Prod_southeastasia_prod-s01-064-apac-southeastasia;migrationStage=NotStarted Some updates remain.}
{"logTime": "0907/103912", "correlationVector":"w0B4hwKdv7lM3X6u6FeJC+","action":"Initial GetUpdates", "result":"", "context":Reason: NEWLY_SUPPORTED_DATATYPE. cV=w0B4hwKdv7lM3X6u6FeJC+}
{"logTime": "0907/103913", "correlationVector":"w0B4hwKdv7lM3X6u6FeJC+.1","action":"SyncServerConnectionManagerRequest", "result":"SYNC_SERVER_OK", "context":{"environment":"Prod_southeastasia_prod-s01-064-apac-southeastasia", "migrationStage":"NotStarted", "server":"akswtt00300000h"}}
{"logTime": "0907/103913", "correlationVector":"w0B4hwKdv7lM3X6u6FeJC+.2","action":"ProcessGetUpdates", "result":"Done", "context":{"dataType":"History", "deleted":"0", "process_failed_to_decrypt":"0", "process_pending_decryption":"0", "process_success":"250", "total":"250"}}
{"logTime": "0907/103913", "correlationVector":"w0B4hwKdv7lM3X6u6FeJC+.3","action":"GetUpdates Response", "result":"Success", "context":Received 250 update(s). cV=w0B4hwKdv7lM3X6u6FeJC+.0;server=akswtt00300000h;cloudType=Consumer;environment=Prod_southeastasia_prod-s01-064-apac-southeastasia;migrationStage=NotStarted Some updates remain.}
{"logTime": "0907/103913", "correlationVector":"a6eRfICd04w6Rmjq4hBba0","action":"Initial GetUpdates", "result":"", "context":Reason: NEWLY_SUPPORTED_DATATYPE. cV=a6eRfICd04w6Rmjq4hBba0}
{"logTime": "0907/103915", "correlationVector":"a6eRfICd04w6Rmjq4hBba0.1","action":"SyncServerConnectionManagerRequest", "result":"SYNC_SERVER_OK", "context":{"environment":"Prod_southeastasia_prod-s01-064-apac-southeastasia", "migrationStage":"NotStarted", "server":"akswtt00300000m"}}
{"logTime": "0907/103915", "correlationVector":"a6eRfICd04w6Rmjq4hBba0.2","action":"ProcessGetUpdates", "result":"Done", "context":{"dataType":"History", "deleted":"0", "process_failed_to_decrypt":"0", "process_pending_decryption":"0", "process_success":"250", "total":"250"}}
{"logTime": "0907/103915", "correlationVector":"a6eRfICd04w6Rmjq4hBba0.3","action":"GetUpdates Response", "result":"Success", "context":Received 250 update(s). cV=a6eRfICd04w6Rmjq4hBba0.0;server=akswtt00300000m;cloudType=Consumer;environment=Prod_southeastasia_prod-s01-064-apac-southeastasia;migrationStage=NotStarted Some updates remain.}
{"logTime": "0907/103915", "correlationVector":"LJyEKIHkbxAFHiPYSfaG5P","action":"Initial GetUpdates", "result":"", "context":Reason: NEWLY_SUPPORTED_DATATYPE. cV=LJyEKIHkbxAFHiPYSfaG5P}
{"logTime": "0907/103916", "correlationVector":"LJyEKIHkbxAFHiPYSfaG5P.1","action":"SyncServerConnectionManagerRequest", "result":"SYNC_SERVER_OK", "context":{"environment":"Prod_southeastasia_prod-s01-064-apac-southeastasia", "migrationStage":"NotStarted", "server":"akswtt003000001"}}
{"logTime": "0907/103916", "correlationVector":"LJyEKIHkbxAFHiPYSfaG5P.2","action":"ProcessGetUpdates", "result":"Done", "context":{"dataType":"History", "deleted":"0", "process_failed_to_decrypt":"0", "process_pending_decryption":"0", "process_success":"250", "total":"250"}}
{"logTime": "0907/103916", "correlationVector":"LJyEKIHkbxAFHiPYSfaG5P.3","action":"GetUpdates Response", "result":"Success", "context":Received 250 update(s). cV=LJyEKIHkbxAFHiPYSfaG5P.0;server=akswtt003000001;cloudType=Consumer;environment=Prod_southeastasia_prod-s01-064-apac-southeastasia;migrationStage=NotStarted Some updates remain.}
{"logTime": "0907/103916", "correlationVector":"u2gv0WoRvoW+i8uSbVK+iR","action":"Initial GetUpdates", "result":"", "context":Reason: NEWLY_SUPPORTED_DATATYPE. cV=u2gv0WoRvoW+i8uSbVK+iR}
{"logTime": "0907/103917", "correlationVector":"u2gv0WoRvoW+i8uSbVK+iR.1","action":"SyncServerConnectionManagerRequest", "result":"SYNC_SERVER_OK", "context":{"environment":"Prod_southeastasia_prod-s01-064-apac-southeastasia", "migrationStage":"NotStarted", "server":"akswtt003000021"}}
{"logTime": "0907/103917", "correlationVector":"u2gv0WoRvoW+i8uSbVK+iR.2","action":"ProcessGetUpdates", "result":"Done", "context":{"dataType":"History", "deleted":"0", "process_failed_to_decrypt":"0", "process_pending_decryption":"0", "process_success":"250", "total":"250"}}
{"logTime": "0907/103917", "correlationVector":"u2gv0WoRvoW+i8uSbVK+iR.3","action":"GetUpdates Response", "result":"Success", "context":Received 250 update(s). cV=u2gv0WoRvoW+i8uSbVK+iR.0;server=akswtt003000021;cloudType=Consumer;environment=Prod_southeastasia_prod-s01-064-apac-southeastasia;migrationStage=NotStarted Some updates remain.}
{"logTime": "0907/103917", "correlationVector":"rZZoIzslF359Cp2YzipRDd","action":"Initial GetUpdates", "result":"", "context":Reason: NEWLY_SUPPORTED_DATATYPE. cV=rZZoIzslF359Cp2YzipRDd}
{"logTime": "0907/103919", "correlationVector":"rZZoIzslF359Cp2YzipRDd.1","action":"SyncServerConnectionManagerRequest", "result":"SYNC_SERVER_OK", "context":{"environment":"Prod_southeastasia_prod-s01-064-apac-southeastasia", "migrationStage":"NotStarted", "server":"akswtt00300000w"}}
{"logTime": "0907/103919", "correlationVector":"rZZoIzslF359Cp2YzipRDd.2","action":"ProcessGetUpdates", "result":"Done", "context":{"dataType":"History", "deleted":"0", "process_failed_to_decrypt":"0", "process_pending_decryption":"0", "process_success":"250", "total":"250"}}
{"logTime": "0907/103919", "correlationVector":"rZZoIzslF359Cp2YzipRDd.3","action":"GetUpdates Response", "result":"Success", "context":Received 250 update(s). cV=rZZoIzslF359Cp2YzipRDd.0;server=akswtt00300000w;cloudType=Consumer;environment=Prod_southeastasia_prod-s01-064-apac-southeastasia;migrationStage=NotStarted Some updates remain.}
{"logTime": "0907/103919", "correlationVector":"KGYPOJzdZdI67T351ziCsg","action":"Initial GetUpdates", "result":"", "context":Reason: NEWLY_SUPPORTED_DATATYPE. cV=KGYPOJzdZdI67T351ziCsg}
{"logTime": "0907/103920", "correlationVector":"KGYPOJzdZdI67T351ziCsg.1","action":"SyncServerConnectionManagerRequest", "result":"SYNC_SERVER_OK", "context":{"environment":"Prod_southeastasia_prod-s01-064-apac-southeastasia", "migrationStage":"NotStarted", "server":"akswtt003000026"}}
{"logTime": "0907/103920", "correlationVector":"KGYPOJzdZdI67T351ziCsg.2","action":"ProcessGetUpdates", "result":"Done", "context":{"dataType":"History", "deleted":"0", "process_failed_to_decrypt":"0", "process_pending_decryption":"0", "process_success":"250", "total":"250"}}
{"logTime": "0907/103920", "correlationVector":"KGYPOJzdZdI67T351ziCsg.3","action":"GetUpdates Response", "result":"Success", "context":Received 250 update(s). cV=KGYPOJzdZdI67T351ziCsg.0;server=akswtt003000026;cloudType=Consumer;environment=Prod_southeastasia_prod-s01-064-apac-southeastasia;migrationStage=NotStarted Some updates remain.}
{"logTime": "0907/103920", "correlationVector":"jX5LxxNOf8h64yyc2T9BHU","action":"Initial GetUpdates", "result":"", "context":Reason: NEWLY_SUPPORTED_DATATYPE. cV=jX5LxxNOf8h64yyc2T9BHU}
{"logTime": "0907/103923", "correlationVector":"jX5LxxNOf8h64yyc2T9BHU.1","action":"SyncServerConnectionManagerRequest", "result":"SYNC_SERVER_OK", "context":{"environment":"Prod_southeastasia_prod-s01-064-apac-southeastasia", "migrationStage":"NotStarted", "server":"akswtt00300000v"}}
{"logTime": "0907/103923", "correlationVector":"jX5LxxNOf8h64yyc2T9BHU.2","action":"ProcessGetUpdates", "result":"Done", "context":{"dataType":"History", "deleted":"0", "process_failed_to_decrypt":"0", "process_pending_decryption":"0", "process_success":"250", "total":"250"}}
{"logTime": "0907/103923", "correlationVector":"jX5LxxNOf8h64yyc2T9BHU.3","action":"GetUpdates Response", "result":"Success", "context":Received 250 update(s). cV=jX5LxxNOf8h64yyc2T9BHU.0;server=akswtt00300000v;cloudType=Consumer;environment=Prod_southeastasia_prod-s01-064-apac-southeastasia;migrationStage=NotStarted Some updates remain.}
{"logTime": "0907/103923", "correlationVector":"wgrYxbM7GPfzgSMhjCoPFY","action":"Initial GetUpdates", "result":"", "context":Reason: NEWLY_SUPPORTED_DATATYPE. cV=wgrYxbM7GPfzgSMhjCoPFY}
{"logTime": "0907/103923", "correlationVector":"wgrYxbM7GPfzgSMhjCoPFY.1","action":"SyncServerConnectionManagerRequest", "result":"SYNC_SERVER_OK", "context":{"environment":"Prod_southeastasia_prod-s01-064-apac-southeastasia", "migrationStage":"NotStarted", "server":"akswtt003000005"}}
{"logTime": "0907/103923", "correlationVector":"wgrYxbM7GPfzgSMhjCoPFY.2","action":"ProcessGetUpdates", "result":"Done", "context":{"dataType":"History", "deleted":"0", "process_failed_to_decrypt":"0", "process_pending_decryption":"0", "process_success":"121", "total":"121"}}
{"logTime": "0907/103923", "correlationVector":"wgrYxbM7GPfzgSMhjCoPFY.3","action":"GetUpdates Response", "result":"Success", "context":Received 121 update(s). cV=wgrYxbM7GPfzgSMhjCoPFY.0;server=akswtt003000005;cloudType=Consumer;environment=Prod_southeastasia_prod-s01-064-apac-southeastasia;migrationStage=NotStarted}
{"logTime": "0907/103923", "correlationVector":"i8urkOg8rwgkfhF0gmlSF6","action":"Normal GetUpdate request", "result":"", "context":cV=i8urkOg8rwgkfhF0gmlSF6
Nudged types: Sessions, Device Info, User Consents
Refresh requested types: Bookmarks, Preferences, Passwords, Autofill Profiles, Autofill, Extensions, Sessions, Extension settings, History Delete Directives, Device Info, User Consents, Send Tab To Self, Web Apps, History, Saved Tab Group, WebAuthn Credentials, Edge Hub App Usage, Edge Workspace, Encryption Keys}
{"logTime": "0907/103925", "correlationVector":"i8urkOg8rwgkfhF0gmlSF6.1","action":"SyncServerConnectionManagerRequest", "result":"SYNC_SERVER_OK", "context":{"environment":"Prod_southeastasia_prod-s01-064-apac-southeastasia", "migrationStage":"NotStarted", "server":"akswtt00300002a"}}
{"logTime": "0907/103925", "correlationVector":"i8urkOg8rwgkfhF0gmlSF6.2","action":"GetUpdates Response", "result":"Success", "context":Received 0 update(s). cV=i8urkOg8rwgkfhF0gmlSF6.0;server=akswtt00300002a;cloudType=Consumer;environment=Prod_southeastasia_prod-s01-064-apac-southeastasia;migrationStage=NotStarted}
{"logTime": "0907/103925", "correlationVector":"C9+x25vFJMkAXzPDNtrvu4","action":"DoCompareDataConsistency requsted types: ", "result":"Bookmarks, Preferences, Passwords, Extensions, Extension settings, History Delete Directives, Send Tab To Self, Web Apps, History, Saved Tab Group, WebAuthn Credentials, Edge Workspace, Encryption Keys"}
{"logTime": "0907/103925", "correlationVector":"C9+x25vFJMkAXzPDNtrvu4.0","action":"CompareDataConsistency result: ", "result":"Compare result: Encryption Keys is consistent. local entities count is: 1 local entities hash is: WcYIcQxiWFK/VNyounSgPYP6AKg="}
{"logTime": "0907/103925", "correlationVector":"C9+x25vFJMkAXzPDNtrvu4.1","action":"CompareDataConsistency result: ", "result":"Compare result: Bookmarks is consistent. local entities count is: 101 local entities hash is: EfKWU3Ml+L1pftReVGDEATHyE5Q="}
{"logTime": "0907/103925", "correlationVector":"C9+x25vFJMkAXzPDNtrvu4.2","action":"CompareDataConsistency result: ", "result":"Compare result: Preferences is consistent. local entities count is: 141 local entities hash is: hAm5hVirvztzHb0/8plvUUZyaCE="}
{"logTime": "0907/103925", "correlationVector":"C9+x25vFJMkAXzPDNtrvu4.3","action":"CompareDataConsistency result: ", "result":"Compare result: Extensions is consistent. local entities count is: 16 local entities hash is: FoV8pcxih6BIVxHQJjEJrZiAhhI="}
{"logTime": "0907/103925", "correlationVector":"C9+x25vFJMkAXzPDNtrvu4.4","action":"CompareDataConsistency result: ", "result":"Compare result: Extension settings is consistent. local entities count is: 3 local entities hash is: KdV6UKTTGf2IkmjXrYxLnZFoklo="}
{"logTime": "0907/103925", "correlationVector":"C9+x25vFJMkAXzPDNtrvu4.5","action":"CompareDataConsistency result: ", "result":"Compare result: History Delete Directives is consistent. local entities count is: 0 local entities hash is: "}
{"logTime": "0907/103925", "correlationVector":"C9+x25vFJMkAXzPDNtrvu4.6","action":"CompareDataConsistency result: ", "result":"Server did not send this Send Tab To Self local entities count is: 0 local entities hash is: "}
{"logTime": "0907/103925", "correlationVector":"C9+x25vFJMkAXzPDNtrvu4.7","action":"CompareDataConsistency result: ", "result":"Compare result: Web Apps is consistent. local entities count is: 0 local entities hash is: "}
{"logTime": "0907/103925", "correlationVector":"C9+x25vFJMkAXzPDNtrvu4.8","action":"CompareDataConsistency result: ", "result":"Server did not send this History local entities count is: 0 local entities hash is: "}
{"logTime": "0907/103925", "correlationVector":"C9+x25vFJMkAXzPDNtrvu4.9","action":"CompareDataConsistency result: ", "result":"Compare result: Saved Tab Group is consistent. local entities count is: 0 local entities hash is: "}
{"logTime": "0907/103925", "correlationVector":"C9+x25vFJMkAXzPDNtrvu4.10","action":"CompareDataConsistency result: ", "result":"Server did not send this WebAuthn Credentials local entities count is: 0 local entities hash is: "}
{"logTime": "0907/103925", "correlationVector":"C9+x25vFJMkAXzPDNtrvu4.11","action":"CompareDataConsistency result: ", "result":"Server did not send this Edge Workspace local entities count is: 0 local entities hash is: "}
{"logTime": "0907/103925", "correlationVector":"C9+x25vFJMkAXzPDNtrvu4.12","action":"CompareDataConsistency result: ", "result":"Compare result: Passwords is consistent. local entities count is: 70 local entities hash is: eYb88xFJczDQZcB1etiV/rXB6gc="}
{"logTime": "0907/103925", "correlationVector":"Zn98seOJn5S9FgFJj3iXzZ","action":"Commit Request", "result":"", "context":Item count: 4
Contributing types: Sessions, Device Info, User Consents}
{"logTime": "0907/103927", "correlationVector":"Zn98seOJn5S9FgFJj3iXzZ.1","action":"SyncServerConnectionManagerRequest", "result":"SYNC_SERVER_OK", "context":{"environment":"Prod_southeastasia_prod-s01-064-apac-southeastasia", "migrationStage":"NotStarted", "server":"akswtt00300000a"}}
{"logTime": "0907/103927", "correlationVector":"Zn98seOJn5S9FgFJj3iXzZ.2","action":"Commit Response", "result":"Success", "context":Result: Success. cV=Zn98seOJn5S9FgFJj3iXzZ.0;server=akswtt00300000a;cloudType=Consumer;environment=Prod_southeastasia_prod-s01-064-apac-southeastasia;migrationStage=NotStarted}
{"logTime": "0907/103927", "correlationVector":"","action":"DIAGNOSTIC_REQUEST|v1/diagnosticData/Diagnostic.SendCheckResult()|SUCCESS", "result":""}
{"logTime": "0907/103954", "correlationVector":"v8B1j21OZqvu48A/TBNuG7","action":"Commit Request", "result":"", "context":Item count: 40
Contributing types: Passwords}
{"logTime": "0907/104005", "correlationVector":"v8B1j21OZqvu48A/TBNuG7.1","action":"SyncServerConnectionManagerRequest", "result":"SYNC_SERVER_OK", "context":{"environment":"Prod_southeastasia_prod-s01-064-apac-southeastasia", "migrationStage":"NotStarted", "server":"akswtt003000027"}}
{"logTime": "0907/104005", "correlationVector":"v8B1j21OZqvu48A/TBNuG7.2","action":"Commit Response", "result":"Success", "context":Result: Success. cV=v8B1j21OZqvu48A/TBNuG7.0;server=akswtt003000027;cloudType=Consumer;environment=Prod_southeastasia_prod-s01-064-apac-southeastasia;migrationStage=NotStarted}
{"logTime": "0907/104005", "correlationVector":"pfwD9ZGBuMDcFoXRVfmNQ6","action":"Commit Request", "result":"", "context":Item count: 23
Contributing types: Passwords}
{"logTime": "0907/104011", "correlationVector":"pfwD9ZGBuMDcFoXRVfmNQ6.1","action":"SyncServerConnectionManagerRequest", "result":"SYNC_SERVER_OK", "context":{"environment":"Prod_southeastasia_prod-s01-064-apac-southeastasia", "migrationStage":"NotStarted", "server":"akswtt003000005"}}
{"logTime": "0907/104011", "correlationVector":"pfwD9ZGBuMDcFoXRVfmNQ6.2","action":"Commit Response", "result":"Success", "context":Result: Success. cV=pfwD9ZGBuMDcFoXRVfmNQ6.0;server=akswtt003000005;cloudType=Consumer;environment=Prod_southeastasia_prod-s01-064-apac-southeastasia;migrationStage=NotStarted}
